FAILED 234a7b1c-6313-53ca-8d02-b319083e25d5: publish failed: Traceback (most recent call last):
  File "/tmp/migrate_delivery_generation.py", line 428, in <module>
    raise SystemExit(main())
                     ^^^^^^
  File "/tmp/migrate_delivery_generation.py", line 395, in main
    build_and_publish(
  File "/tmp/migrate_delivery_generation.py", line 189, in build_and_publish
    raise RuntimeError(f"video encode failed: {result.stderr[-2000:]}")
RuntimeError: video encode failed: t    61.  7.103 / 61.  7.103
  libavdevice    61.  3.100 / 61.  3.100
  libavfilter    10.  5.100 / 10.  5.100
  libswscale      8.  3.100 /  8.  3.100
  libswresample   5.  3.100 /  5.  3.100
  libpostproc    58.  3.100 / 58.  3.100
Input #0, mov,mp4,m4a,3gp,3g2,mj2, from '/tmp/shizzle-migrate-234a7b1c-6313-53ca-8d02-b319083e25d5-kapmq019/source-video.mp4':
  Metadata:
    major_brand     : isom
    minor_version   : 512
    compatible_brands: isomiso2avc1mp41
    title           : Mother Love Bone - Stardog Champion
    date            : 2025:10:10 02:01:33
    encoder         : Lavf58.76.100
  Duration: 00:05:04.50, start: 0.000000, bitrate: 2327 kb/s
  Stream #0:0[0x1](und): Video: h264 (High) (avc1 / 0x31637661), yuv420p(tv, bt709, progressive), 1460x1080 [SAR 1:1 DAR 73:54], 2324 kb/s, 29.97 fps, 29.97 tbr, 30k tbn (default)
      Metadata:
        handler_name    : VideoHandler
        vendor_id       : [0][0][0][0]
Stream mapping:
  Stream #0:0 -> #0:0 (h264 (native) -> h264 (libx264))
[libx264 @ 0x5e304b2224c0] width not divisible by 2 (1279x946)
[vost#0:0/libx264 @ 0x5e304b223e00] Error while opening encoder - maybe incorrect parameters such as bit_rate, rate, width or height.
[vf#0:0 @ 0x5e304b224880] Error sending frames to consumers: Generic error in an external library
[vf#0:0 @ 0x5e304b224880] Task finished with error code: -542398533 (Generic error in an external library)
[vf#0:0 @ 0x5e304b224880] Terminating thread with return code -542398533 (Generic error in an external library)
[vost#0:0/libx264 @ 0x5e304b223e00] Could not open encoder before EOF
[vost#0:0/libx264 @ 0x5e304b223e00] Task finished with error code: -22 (Invalid argument)
[vost#0:0/libx264 @ 0x5e304b223e00] Terminating thread with return code -22 (Invalid argument)
[out#0/mp4 @ 0x5e304b228600] Nothing was written into output file, because at least one of its streams received no packets.
frame=    0 fps=0.0 q=0.0 Lsize=       0KiB time=N/A bitrate=N/A speed=N/A
Conversion failed!
